[2026-01-09T05:50:33.352Z] App starting...
[2026-01-09T05:55:00.411Z] App starting...
[2026-01-09T06:11:05.624Z] App starting...
[2026-01-09T06:37:45.647Z] App starting...
[2026-01-09T06:40:18.575Z] App starting...
[2026-01-09T06:42:42.326Z] App starting...
[2026-01-09T06:44:28.736Z] App starting...
[2026-01-09T07:12:09.808Z] App starting...
[2026-01-09T07:37:16.166Z] App starting...
[2026-01-09T07:38:20.356Z] App starting...
[2026-01-09T07:40:38.157Z] App starting...
[2026-01-09T08:10:47.283Z] App starting...
[2026-01-09T09:07:17.339Z] UNCAUGHT EXCEPTION: spawn C:Program FilesVideoLANVLClc.exe ENOENT
Error: spawn C:Program FilesVideoLANVLClc.exe ENOENT
    at ChildProcess._handle.onexit (node:internal/child_process:284:19)
    at onErrorNT (node:internal/child_process:477:16)
    at process.processTicksAndRejections (node:internal/process/task_queues:82:21)
[2026-01-09T09:07:34.754Z] App starting...
[2026-01-09T09:08:22.103Z] UNCAUGHT EXCEPTION: spawn C:Program FilesVideoLANVLClc.exe ENOENT
Error: spawn C:Program FilesVideoLANVLClc.exe ENOENT
    at ChildProcess._handle.onexit (node:internal/child_process:284:19)
    at onErrorNT (node:internal/child_process:477:16)
    at process.processTicksAndRejections (node:internal/process/task_queues:82:21)
[2026-01-09T09:08:34.205Z] App starting...
[2026-01-09T09:09:00.973Z] UNCAUGHT EXCEPTION: spawn C:Program FilesVideoLANVLClc.exe ENOENT
Error: spawn C:Program FilesVideoLANVLClc.exe ENOENT
    at ChildProcess._handle.onexit (node:internal/child_process:284:19)
    at onErrorNT (node:internal/child_process:477:16)
    at process.processTicksAndRejections (node:internal/process/task_queues:82:21)
[2026-01-09T09:14:02.741Z] App starting...
[2026-01-09T09:31:05.937Z] App starting...
[2026-01-09T10:05:26.595Z] App starting...
[2026-01-09T10:55:23.464Z] App starting...
[2026-01-09T10:55:51.640Z] App starting...
[2026-01-09T11:21:02.914Z] App starting...
[2026-01-09T11:28:10.638Z] App starting...
[2026-01-09T12:28:42.777Z] App starting...
[2026-01-09T13:21:29.032Z] App starting...
[2026-01-09T14:03:37.644Z] App starting...
[2026-01-10T05:30:48.541Z] App starting...
[2026-01-10T05:43:50.700Z] App starting...
[2026-01-10T05:46:08.445Z] App starting...
[2026-01-10T05:53:49.238Z] App starting...
[2026-01-10T05:58:23.672Z] App starting...
[2026-01-10T07:17:45.559Z] App starting...
[2026-01-10T07:19:28.910Z] App starting...
[2026-01-10T07:24:44.288Z] App starting...
[2026-01-10T07:27:36.312Z] App starting...
[2026-01-10T07:42:10.625Z] App starting...
[2026-01-10T07:52:35.934Z] App starting...
[2026-01-10T08:25:32.449Z] App starting...
[2026-01-11T05:35:37.793Z] App starting...
[2026-01-11T05:47:46.651Z] App starting...
[2026-01-11T05:49:52.688Z] App starting...
[2026-01-11T05:55:43.618Z] App starting...
[2026-01-11T05:59:38.580Z] App starting...
[2026-01-11T06:09:26.383Z] App starting...
[2026-01-11T07:32:36.830Z] App starting...
[2026-01-11T07:50:30.191Z] App starting...
[2026-01-11T07:59:43.137Z] App starting...
[2026-01-11T08:11:14.754Z] App starting...
[2026-01-11T08:25:54.479Z] App starting...
[2026-01-11T08:30:18.396Z] App starting...
[2026-01-11T09:39:23.696Z] App starting...
[2026-01-11T09:42:56.692Z] App starting...
[2026-01-11T09:47:37.644Z] App starting...
[2026-01-11T09:52:55.891Z] UNCAUGHT EXCEPTION: Object has been destroyed
TypeError: Object has been destroyed
    at _.send (node:electron/js2c/browser_init:2:76103)
    at onDownloadProgress (C:\Users\paule\OneDrive\code\IPTV\electron\main.js:956:34)
    at C:\Users\paule\OneDrive\code\IPTV\electron\node_modules\axios\dist\node\axios.cjs:2653:64
    at node:internal/process/task_queues:140:7
    at AsyncResource.runInAsyncScope (node:async_hooks:206:9)
    at AsyncResource.runMicrotask (node:internal/process/task_queues:137:8)
[2026-01-11T09:53:03.710Z] App starting...
[2026-01-11T09:57:00.050Z] App starting...
[2026-01-11T10:01:47.081Z] App starting...
[2026-01-11T10:11:12.086Z] App starting...
[2026-01-11T10:11:38.394Z] UNHANDLED REJECTION: TypeError: Cannot read properties of null (reading 'includes')
[2026-01-11T11:06:34.269Z] App starting...
[2026-01-11T11:46:48.803Z] App starting...
[2026-01-12T04:45:35.166Z] App starting...
[2026-01-12T04:59:57.130Z] App starting...
[2026-01-12T05:01:29.672Z] App starting...
[2026-01-12T06:38:03.819Z] App starting...
[2026-01-12T07:08:12.886Z] App starting...
[2026-01-12T08:42:18.929Z] App starting...
[2026-01-12T09:14:21.367Z] App starting...
[2026-01-12T09:22:34.227Z] App starting...
[2026-01-12T09:25:15.385Z] App starting...
[2026-01-12T09:28:23.190Z] App starting...
[2026-01-12T10:34:57.464Z] App starting...
[2026-01-12T12:41:19.397Z] App starting...
[2026-01-12T12:45:03.364Z] App starting...
[2026-01-12T12:50:57.162Z] App starting...
[2026-01-12T12:54:17.147Z] App starting...
[2026-01-12T20:14:12.320Z] App starting...
[2026-01-13T18:00:57.691Z] App starting...
[2026-01-13T18:10:21.379Z] App starting...
[2026-01-13T18:38:05.146Z] App starting...
[2026-01-13T18:43:11.393Z] App starting...
[2026-01-13T18:49:42.910Z] App starting...
[2026-01-13T19:33:54.793Z] App starting...
[2026-01-14T05:17:41.129Z] App starting...
[2026-01-14T06:07:56.607Z] App starting...
[2026-01-14T10:22:05.706Z] App starting...
[2026-01-14T10:52:33.413Z] App starting...
[2026-01-14T11:03:27.471Z] App starting...
[2026-01-14T11:51:54.005Z] App starting...
[2026-01-14T14:32:25.349Z] App starting...
[2026-01-14T15:56:28.940Z] App starting...
[2026-01-14T16:46:13.389Z] App starting...
[2026-01-14T17:10:38.979Z] App starting...
[2026-01-14T17:10:39.253Z] UNCAUGHT EXCEPTION: scanForDevices is not defined
ReferenceError: scanForDevices is not defined
    at initChromecastHandlers (C:\Users\paule\OneDrive\code\IPTV\electron\chromecastManager.js:462:9)
    at App.createWindow (C:\Users\paule\OneDrive\code\IPTV\electron\main.js:60:3)
    at App.emit (node:events:518:28)
[2026-01-14T17:11:49.734Z] App starting...
[2026-01-14T17:11:49.996Z] UNCAUGHT EXCEPTION: scanForDevices is not defined
ReferenceError: scanForDevices is not defined
    at initChromecastHandlers (C:\Users\paule\OneDrive\code\IPTV\electron\chromecastManager.js:462:9)
    at App.createWindow (C:\Users\paule\OneDrive\code\IPTV\electron\main.js:60:3)
    at App.emit (node:events:518:28)
[2026-01-14T17:12:44.316Z] App starting...
[2026-01-14T17:12:44.639Z] UNCAUGHT EXCEPTION: scanForDevices is not defined
ReferenceError: scanForDevices is not defined
    at initChromecastHandlers (C:\Users\paule\OneDrive\code\IPTV\electron\chromecastManager.js:462:9)
    at App.createWindow (C:\Users\paule\OneDrive\code\IPTV\electron\main.js:60:3)
    at App.emit (node:events:518:28)
[2026-01-14T17:25:20.916Z] App starting...
[2026-01-14T17:37:59.819Z] App starting...
[2026-01-14T17:45:10.623Z] App starting...
[2026-01-14T18:00:28.622Z] App starting...
[2026-01-14T18:05:49.963Z] App starting...
[2026-01-14T18:09:52.577Z] App starting...
[2026-01-14T18:26:23.920Z] App starting...
[2026-01-14T18:40:40.865Z] App starting...
[2026-01-15T05:42:37.028Z] App starting...
[2026-01-15T06:10:28.565Z] App starting...
[2026-01-15T06:50:57.570Z] App starting...
[2026-01-15T06:56:34.301Z] App starting...
[2026-01-15T07:11:24.021Z] App starting...
[2026-01-15T07:18:32.370Z] App starting...
[2026-01-15T07:20:01.251Z] App starting...
[2026-01-15T07:22:21.597Z] App starting...
[2026-01-15T07:25:34.268Z] App starting...
[2026-01-15T11:22:11.246Z] App starting...
[2026-01-15T12:53:56.384Z] App starting...
[2026-01-15T12:56:24.725Z] App starting...
[2026-01-15T13:10:45.539Z] App starting...
[2026-01-15T13:12:54.274Z] UNCAUGHT EXCEPTION: Cannot read properties of null (reading 'mediaSessionId')
TypeError: Cannot read properties of null (reading 'mediaSessionId')
    at MediaController.sessionRequest (C:\Users\paule\OneDrive\code\IPTV\electron\node_modules\castv2-client\lib\controllers\media.js:88:45)
    at MediaController.stop (C:\Users\paule\OneDrive\code\IPTV\electron\node_modules\castv2-client\lib\controllers\media.js:107:8)
    at DefaultMediaReceiver.stop (C:\Users\paule\OneDrive\code\IPTV\electron\node_modules\castv2-client\lib\senders\default-media-receiver.js:42:19)
    at C:\Users\paule\OneDrive\code\IPTV\electron\node_modules\chromecast-api\lib\device.js:268:19
    at C:\Users\paule\OneDrive\code\IPTV\electron\node_modules\chromecast-api\lib\device.js:157:9
    at PlatformSender.join (C:\Users\paule\OneDrive\code\IPTV\electron\node_modules\castv2-client\lib\senders\platform.js:88:3)
    at C:\Users\paule\OneDrive\code\IPTV\electron\node_modules\chromecast-api\lib\device.js:73:21
    at C:\Users\paule\OneDrive\code\IPTV\electron\node_modules\castv2-client\lib\controllers\receiver.js:86:5
    at C:\Users\paule\OneDrive\code\IPTV\electron\node_modules\castv2-client\lib\controllers\receiver.js:31:5
    at fn.onmessage (C:\Users\paule\OneDrive\code\IPTV\electron\node_modules\castv2-client\lib\controllers\request-response.js:27:7)
    at fn.emit (node:events:530:35)
    at Channel.onmessage (C:\Users\paule\OneDrive\code\IPTV\electron\node_modules\castv2-client\lib\controllers\controller.js:16:10)
    at Channel.emit (node:events:518:28)
    at Client.onmessage (C:\Users\paule\OneDrive\code\IPTV\electron\node_modules\castv2\lib\channel.js:23:10)
    at Client.emit (node:events:530:35)
    at PacketStreamWrapper.onpacket (C:\Users\paule\OneDrive\code\IPTV\electron\node_modules\castv2\lib\client.js:81:10)
[2026-01-15T13:13:06.080Z] App starting...
[2026-01-15T13:15:13.722Z] App starting...
[2026-01-15T13:16:14.285Z] UNCAUGHT EXCEPTION: Cannot read properties of null (reading 'mediaSessionId')
TypeError: Cannot read properties of null (reading 'mediaSessionId')
    at MediaController.sessionRequest (C:\Users\paule\OneDrive\code\IPTV\electron\node_modules\castv2-client\lib\controllers\media.js:88:45)
    at MediaController.stop (C:\Users\paule\OneDrive\code\IPTV\electron\node_modules\castv2-client\lib\controllers\media.js:107:8)
    at DefaultMediaReceiver.stop (C:\Users\paule\OneDrive\code\IPTV\electron\node_modules\castv2-client\lib\senders\default-media-receiver.js:42:19)
    at C:\Users\paule\OneDrive\code\IPTV\electron\node_modules\chromecast-api\lib\device.js:268:19
    at C:\Users\paule\OneDrive\code\IPTV\electron\node_modules\chromecast-api\lib\device.js:157:9
    at PlatformSender.join (C:\Users\paule\OneDrive\code\IPTV\electron\node_modules\castv2-client\lib\senders\platform.js:88:3)
    at C:\Users\paule\OneDrive\code\IPTV\electron\node_modules\chromecast-api\lib\device.js:73:21
    at C:\Users\paule\OneDrive\code\IPTV\electron\node_modules\castv2-client\lib\controllers\receiver.js:86:5
    at C:\Users\paule\OneDrive\code\IPTV\electron\node_modules\castv2-client\lib\controllers\receiver.js:31:5
    at fn.onmessage (C:\Users\paule\OneDrive\code\IPTV\electron\node_modules\castv2-client\lib\controllers\request-response.js:27:7)
    at fn.emit (node:events:530:35)
    at Channel.onmessage (C:\Users\paule\OneDrive\code\IPTV\electron\node_modules\castv2-client\lib\controllers\controller.js:16:10)
    at Channel.emit (node:events:518:28)
    at Client.onmessage (C:\Users\paule\OneDrive\code\IPTV\electron\node_modules\castv2\lib\channel.js:23:10)
    at Client.emit (node:events:530:35)
    at PacketStreamWrapper.onpacket (C:\Users\paule\OneDrive\code\IPTV\electron\node_modules\castv2\lib\client.js:81:10)
[2026-01-15T13:22:43.387Z] App starting...
[2026-01-15T13:35:25.225Z] App starting...
[2026-01-15T13:54:25.555Z] App starting...
[2026-01-15T14:21:26.329Z] App starting...
[2026-01-15T14:35:34.309Z] App starting...
[2026-01-15T14:42:24.129Z] App starting...
[2026-01-15T15:23:25.530Z] App starting...
[2026-01-16T08:14:43.441Z] App starting...
[2026-01-17T08:41:29.553Z] App starting...
[2026-01-17T09:42:51.664Z] App starting...
[2026-01-17T09:43:15.916Z] App starting...
[2026-01-17T09:46:10.589Z] App starting...
[2026-01-18T06:36:58.846Z] App starting...
[2026-01-18T07:04:06.668Z] App starting...
